Archive member included because of file (symbol)

stm32f10x_lib/libstm32.a(stm32f10x_adc.o)
                              CM730_HW/src/system_init.o (ADC_Init)
stm32f10x_lib/libstm32.a(stm32f10x_bkp.o)
                              CM730_APP/src/CM_DXL_COM.o (BKP_WriteBackupRegister)
stm32f10x_lib/libstm32.a(stm32f10x_flash.o)
                              CM730_HW/src/system_init.o (FLASH_SetLatency)
stm32f10x_lib/libstm32.a(stm32f10x_gpio.o)
                              CM730_HW/src/system_init.o (GPIO_Init)
stm32f10x_lib/libstm32.a(stm32f10x_nvic.o)
                              CM730_HW/src/system_init.o (NVIC_PriorityGroupConfig)
stm32f10x_lib/libstm32.a(stm32f10x_pwr.o)
                              CM730_HW/src/system_init.o (PWR_BackupAccessCmd)
stm32f10x_lib/libstm32.a(stm32f10x_rcc.o)
                              CM730_HW/src/system_init.o (RCC_DeInit)
stm32f10x_lib/libstm32.a(stm32f10x_spi.o)
                              CM730_HW/src/system_init.o (SPI_Init)
stm32f10x_lib/libstm32.a(stm32f10x_systick.o)
                              CM730_HW/src/system_init.o (SysTick_SetReload)
stm32f10x_lib/libstm32.a(stm32f10x_tim.o)
                              CM730_HW/src/system_init.o (TIM_DeInit)
stm32f10x_lib/libstm32.a(stm32f10x_usart.o)
                              CM730_HW/src/system_init.o (USART_DeInit)
stm32f10x_lib/libstm32.a(cortexm3_macro.o)
                              stm32f10x_lib/libstm32.a(stm32f10x_pwr.o) (__WFI)
stm32f10x_lib/libstm32.a(stm32f10x_vector.o)
                              (Reset_Handler)
/usr/bin/../lib/gcc/arm-none-eabi/4.9.3/../../../../arm-none-eabi/lib/libc.a(lib_a-exit.o)
                              /usr/bin/../lib/gcc/arm-none-eabi/4.9.3/../../../../arm-none-eabi/lib/crt0.o (exit)
/usr/bin/../lib/gcc/arm-none-eabi/4.9.3/../../../../arm-none-eabi/lib/libc.a(lib_a-impure.o)
                              /usr/bin/../lib/gcc/arm-none-eabi/4.9.3/../../../../arm-none-eabi/lib/libc.a(lib_a-exit.o) (_global_impure_ptr)
/usr/bin/../lib/gcc/arm-none-eabi/4.9.3/../../../../arm-none-eabi/lib/libc.a(lib_a-init.o)
                              /usr/bin/../lib/gcc/arm-none-eabi/4.9.3/../../../../arm-none-eabi/lib/crt0.o (__libc_init_array)
/usr/bin/../lib/gcc/arm-none-eabi/4.9.3/../../../../arm-none-eabi/lib/libc.a(lib_a-memset.o)
                              /usr/bin/../lib/gcc/arm-none-eabi/4.9.3/../../../../arm-none-eabi/lib/crt0.o (memset)
/usr/bin/../lib/gcc/arm-none-eabi/4.9.3/../../../../arm-none-eabi/lib/libc.a(lib_a-__call_atexit.o)
                              /usr/bin/../lib/gcc/arm-none-eabi/4.9.3/../../../../arm-none-eabi/lib/libc.a(lib_a-exit.o) (__call_exitprocs)
/usr/bin/../lib/gcc/arm-none-eabi/4.9.3/../../../../arm-none-eabi/lib/libc.a(lib_a-atexit.o)
                              /usr/bin/../lib/gcc/arm-none-eabi/4.9.3/../../../../arm-none-eabi/lib/libc.a(lib_a-__call_atexit.o) (atexit)
/usr/bin/../lib/gcc/arm-none-eabi/4.9.3/../../../../arm-none-eabi/lib/libc.a(lib_a-fini.o)
                              /usr/bin/../lib/gcc/arm-none-eabi/4.9.3/../../../../arm-none-eabi/lib/libc.a(lib_a-__call_atexit.o) (__libc_fini_array)
/usr/bin/../lib/gcc/arm-none-eabi/4.9.3/../../../../arm-none-eabi/lib/libc.a(lib_a-__atexit.o)
                              /usr/bin/../lib/gcc/arm-none-eabi/4.9.3/../../../../arm-none-eabi/lib/libc.a(lib_a-atexit.o) (__register_exitproc)

Discarded input sections

 .text          0x0000000000000000        0x0 /usr/bin/../lib/gcc/arm-none-eabi/4.9.3/crti.o
 .data          0x0000000000000000        0x0 /usr/bin/../lib/gcc/arm-none-eabi/4.9.3/crti.o
 .bss           0x0000000000000000        0x0 /usr/bin/../lib/gcc/arm-none-eabi/4.9.3/crti.o
 .init          0x0000000000000000        0xc /usr/bin/../lib/gcc/arm-none-eabi/4.9.3/crti.o
 .fini          0x0000000000000000        0xc /usr/bin/../lib/gcc/arm-none-eabi/4.9.3/crti.o
 .ARM.attributes
                0x0000000000000000       0x16 /usr/bin/../lib/gcc/arm-none-eabi/4.9.3/crti.o
 .text          0x0000000000000000       0x98 /usr/bin/../lib/gcc/arm-none-eabi/4.9.3/crtbegin.o
 .data          0x0000000000000000        0x4 /usr/bin/../lib/gcc/arm-none-eabi/4.9.3/crtbegin.o
 .bss           0x0000000000000000       0x1c /usr/bin/../lib/gcc/arm-none-eabi/4.9.3/crtbegin.o
 .init_array    0x0000000000000000        0x4 /usr/bin/../lib/gcc/arm-none-eabi/4.9.3/crtbegin.o
 .fini_array    0x0000000000000000        0x4 /usr/bin/../lib/gcc/arm-none-eabi/4.9.3/crtbegin.o
 .eh_frame      0x0000000000000000        0x0 /usr/bin/../lib/gcc/arm-none-eabi/4.9.3/crtbegin.o
 .jcr           0x0000000000000000        0x0 /usr/bin/../lib/gcc/arm-none-eabi/4.9.3/crtbegin.o
 .ARM.attributes
                0x0000000000000000       0x30 /usr/bin/../lib/gcc/arm-none-eabi/4.9.3/crtbegin.o
 .text          0x0000000000000000      0x114 /usr/bin/../lib/gcc/arm-none-eabi/4.9.3/../../../../arm-none-eabi/lib/crt0.o
[...]
Memory Configuration

Name             Origin             Length             Attributes
RAM              0x0000000020000000 0x0000000000010000 xrw
FLASH            0x0000000008000000 0x0000000000080000 xr
FLASHB1          0x0000000000000000 0x0000000000000000 xr
EXTMEMB0         0x0000000000000000 0x0000000000000000 xr
EXTMEMB1         0x0000000000000000 0x0000000000000000 xr
EXTMEMB2         0x0000000000000000 0x0000000000000000 xr
EXTMEMB3         0x0000000000000000 0x0000000000000000 xr
*default*        0x0000000000000000 0xffffffffffffffff

Linker script and memory map

LOAD /usr/bin/../lib/gcc/arm-none-eabi/4.9.3/crti.o
LOAD /usr/bin/../lib/gcc/arm-none-eabi/4.9.3/crtbegin.o
LOAD /usr/bin/../lib/gcc/arm-none-eabi/4.9.3/../../../../arm-none-eabi/lib/crt0.o
LOAD CM730_APP/src/stm32f10x_it.o
LOAD CM730_APP/src/main.o
LOAD CM730_APP/src/serial.o
LOAD CM730_APP/src/isr.o
LOAD CM730_APP/src/zigbee.o
LOAD CM730_APP/src/zgb_hal.o
LOAD CM730_APP/src/CM_DXL_COM.o
LOAD CM730_HW/src/button.o
LOAD CM730_HW/src/led.o
LOAD CM730_HW/src/system_init.o
LOAD CM730_HW/src/system_func.o
LOAD CM730_HW/src/adc.o
LOAD CM730_HW/src/usart.o
LOAD CM730_HW/src/sound.o
LOAD CM730_HW/src/gyro_acc.o
LOAD stm32f10x_lib/libstm32.a
START GROUP
LOAD /usr/bin/../lib/gcc/arm-none-eabi/4.9.3/libgcc.a
LOAD /usr/bin/../lib/gcc/arm-none-eabi/4.9.3/../../../../arm-none-eabi/lib/libc.a
END GROUP
LOAD /usr/bin/../lib/gcc/arm-none-eabi/4.9.3/crtend.o
LOAD /usr/bin/../lib/gcc/arm-none-eabi/4.9.3/crtn.o
                0x0000000000000400                __Stack_Size = 0x400
                0x0000000000000400                PROVIDE (_Stack_Size, __Stack_Size)
                0x000000002000fc00                __Stack_Init = (_estack - __Stack_Size)
                0x000000002000fc00                PROVIDE (_Stack_Init, __Stack_Init)
                0x0000000000000100                _Minimum_Stack_Size = 0x100
                0x0000000000000000                PROVIDE (Undefined_Handler, 0x0)
                0x0000000000000000                PROVIDE (SWI_Handler, 0x0)
                0x0000000000000000                PROVIDE (IRQ_Handler, 0x0)
                0x0000000000000000                PROVIDE (Prefetch_Handler, 0x0)
                0x0000000000000000                PROVIDE (Abort_Handler, 0x0)
                0x0000000000000000                PROVIDE (FIQ_Handler, 0x0)
                0x0000000000000000                PROVIDE (NMIException, 0x0)
                0x0000000000000000                PROVIDE (HardFaultException, 0x0)
                0x0000000000000000                PROVIDE (MemManageException, 0x0)
                0x0000000000000000                PROVIDE (BusFaultException, 0x0)
                0x0000000000000000                PROVIDE (UsageFaultException, 0x0)
                0x0000000000000000                PROVIDE (SVCHandler, 0x0)
                0x0000000000000000                PROVIDE (DebugMonitor, 0x0)
                0x0000000000000000                PROVIDE (PendSVC, 0x0)
                0x0000000000000000                PROVIDE (SysTickHandler, 0x0)
                0x0000000000000000                PROVIDE (WWDG_IRQHandler, 0x0)
                0x0000000000000000                PROVIDE (PVD_IRQHandler, 0x0)
                0x0000000000000000                PROVIDE (TAMPER_IRQHandler, 0x0)
                0x0000000000000000                PROVIDE (RTC_IRQHandler, 0x0)
                0x0000000000000000                PROVIDE (FLASH_IRQHandler, 0x0)
                0x0000000000000000                PROVIDE (RCC_IRQHandler, 0x0)
                0x0000000000000000                PROVIDE (EXTI0_IRQHandler, 0x0)
                0x0000000000000000                PROVIDE (EXTI1_IRQHandler, 0x0)
                0x0000000000000000                PROVIDE (EXTI2_IRQHandler, 0x0)
                0x0000000000000000                PROVIDE (EXTI3_IRQHandler, 0x0)
                0x0000000000000000                PROVIDE (EXTI4_IRQHandler, 0x0)
                0x0000000000000000                PROVIDE (DMAChannel1_IRQHandler, 0x0)
                0x0000000000000000                PROVIDE (DMAChannel2_IRQHandler, 0x0)
                0x0000000000000000                PROVIDE (DMAChannel3_IRQHandler, 0x0)
                0x0000000000000000                PROVIDE (DMAChannel4_IRQHandler, 0x0)
                0x0000000000000000                PROVIDE (DMAChannel5_IRQHandler, 0x0)
                0x0000000000000000                PROVIDE (DMAChannel6_IRQHandler, 0x0)
                0x0000000000000000                PROVIDE (DMAChannel7_IRQHandler, 0x0)
                0x0000000000000000                PROVIDE (ADC_IRQHandler, 0x0)
                0x0000000000000000                PROVIDE (USB_HP_CAN_TX_IRQHandler, 0x0)
                0x0000000000000000                PROVIDE (USB_LP_CAN_RX0_IRQHandler, 0x0)
                0x0000000000000000                PROVIDE (CAN_RX1_IRQHandler, 0x0)
                0x0000000000000000                PROVIDE (CAN_SCE_IRQHandler, 0x0)
                0x0000000000000000                PROVIDE (EXTI9_5_IRQHandler, 0x0)
                0x0000000000000000                PROVIDE (TIM1_BRK_IRQHandler, 0x0)
                0x0000000000000000                PROVIDE (TIM1_UP_IRQHandler, 0x0)
                0x0000000000000000                PROVIDE (TIM1_TRG_COM_IRQHandler, 0x0)
                0x0000000000000000                PROVIDE (TIM1_CC_IRQHandler, 0x0)
                0x0000000000000000                PROVIDE (TIM2_IRQHandler, 0x0)
                0x0000000000000000                PROVIDE (TIM3_IRQHandler, 0x0)
                0x0000000000000000                PROVIDE (TIM4_IRQHandler, 0x0)
                0x0000000000000000                PROVIDE (I2C1_EV_IRQHandler, 0x0)
                0x0000000000000000                PROVIDE (I2C1_ER_IRQHandler, 0x0)
                0x0000000000000000                PROVIDE (I2C2_EV_IRQHandler, 0x0)
                0x0000000000000000                PROVIDE (I2C2_ER_IRQHandler, 0x0)
                0x0000000000000000                PROVIDE (SPI1_IRQHandler, 0x0)
                0x0000000000000000                PROVIDE (SPI2_IRQHandler, 0x0)
                0x0000000000000000                PROVIDE (USART1_IRQHandler, 0x0)
                0x0000000000000000                PROVIDE (USART2_IRQHandler, 0x0)
                0x0000000000000000                PROVIDE (USART3_IRQHandler, 0x0)
                0x0000000000000000                PROVIDE (EXTI15_10_IRQHandler, 0x0)
                0x0000000000000000                PROVIDE (RTCAlarm_IRQHandler, 0x0)
                0x0000000000000000                PROVIDE (USBWakeUp_IRQHandler, 0x0)
                0x0000000042000000                PERIPH_BB_BASE = 0x42000000
                0x0000000022000000                SRAM_BB_BASE = 0x22000000
                0x0000000020000000                SRAM_BASE = 0x20000000
                0x0000000040000000                PERIPH_BASE = 0x40000000
                0x0000000040022000                PROVIDE (FLASH_BASE, 0x40022000)
                0x000000001ffff800                PROVIDE (OB_BASE, 0x1ffff800)
                0x0000000040000000                APB1PERIPH_BASE = PERIPH_BASE
                0x0000000040010000                APB2PERIPH_BASE = (PERIPH_BASE + 0x10000)
                0x0000000040020000                AHBPERIPH_BASE = (PERIPH_BASE + 0x20000)
                0x0000000040000000                PROVIDE (TIM2, (APB1PERIPH_BASE + 0x0))
                0x0000000040000400                PROVIDE (TIM3, (APB1PERIPH_BASE + 0x400))
                0x0000000040000800                PROVIDE (TIM4, (APB1PERIPH_BASE + 0x800))
                0x0000000040002800                PROVIDE (RTC, (APB1PERIPH_BASE + 0x2800))
                0x0000000040002c00                PROVIDE (WWDG, (APB1PERIPH_BASE + 0x2c00))
                0x0000000040003000                PROVIDE (IWDG, (APB1PERIPH_BASE + 0x3000))
                0x0000000040003800                PROVIDE (SPI2, (APB1PERIPH_BASE + 0x3800))
                0x0000000040004400                PROVIDE (USART2, (APB1PERIPH_BASE + 0x4400))
                0x0000000040004800                PROVIDE (USART3, (APB1PERIPH_BASE + 0x4800))
                0x0000000040005400                PROVIDE (I2C1, (APB1PERIPH_BASE + 0x5400))
                0x0000000040005800                PROVIDE (I2C2, (APB1PERIPH_BASE + 0x5800))
                0x0000000040006400                PROVIDE (CAN, (APB1PERIPH_BASE + 0x6400))
                0x0000000040006c00                PROVIDE (BKP, (APB1PERIPH_BASE + 0x6c00))
                0x0000000040007000                PROVIDE (PWR, (APB1PERIPH_BASE + 0x7000))
                0x0000000040010000                PROVIDE (AFIO, (APB2PERIPH_BASE + 0x0))
                0x0000000040010400                PROVIDE (EXTI, (APB2PERIPH_BASE + 0x400))
                0x0000000040010800                PROVIDE (GPIOA, (APB2PERIPH_BASE + 0x800))
                0x0000000040010c00                PROVIDE (GPIOB, (APB2PERIPH_BASE + 0xc00))
                0x0000000040011000                PROVIDE (GPIOC, (APB2PERIPH_BASE + 0x1000))
                0x0000000040011400                PROVIDE (GPIOD, (APB2PERIPH_BASE + 0x1400))
                0x0000000040011800                PROVIDE (GPIOE, (APB2PERIPH_BASE + 0x1800))
                0x0000000040012400                PROVIDE (ADC1, (APB2PERIPH_BASE + 0x2400))
                0x0000000040012800                PROVIDE (ADC2, (APB2PERIPH_BASE + 0x2800))
                0x0000000040012c00                PROVIDE (TIM1, (APB2PERIPH_BASE + 0x2c00))
                0x0000000040013000                PROVIDE (SPI1, (APB2PERIPH_BASE + 0x3000))
                0x0000000040013800                PROVIDE (USART1, (APB2PERIPH_BASE + 0x3800))
                0x0000000040020000                PROVIDE (DMA, (AHBPERIPH_BASE + 0x0))
                0x0000000040020008                PROVIDE (DMA_Channel1, (AHBPERIPH_BASE + 0x8))
                0x000000004002001c                PROVIDE (DMA_Channel2, (AHBPERIPH_BASE + 0x1c))
                0x0000000040020030                PROVIDE (DMA_Channel3, (AHBPERIPH_BASE + 0x30))
                0x0000000040020044                PROVIDE (DMA_Channel4, (AHBPERIPH_BASE + 0x44))
                0x0000000040020058                PROVIDE (DMA_Channel5, (AHBPERIPH_BASE + 0x58))
                0x000000004002006c                PROVIDE (DMA_Channel6, (AHBPERIPH_BASE + 0x6c))
                0x0000000040020080                PROVIDE (DMA_Channel7, (AHBPERIPH_BASE + 0x80))
                0x0000000040021000                PROVIDE (RCC, (AHBPERIPH_BASE + 0x1000))
                0x00000000e000e000                SCS_BASE = 0xe000e000
                0x00000000e000e010                PROVIDE (SysTick, (SCS_BASE + 0x10))
                0x00000000e000e100                PROVIDE (NVIC, (SCS_BASE + 0x100))
                0x00000000e000ed00                PROVIDE (SCB, (SCS_BASE + 0xd00))
                0x0000000020010000                _estack = 0x20010000

.isr_vector     0x0000000008000000      0x134
                0x0000000008000000                . = ALIGN (0x4)
 *(.isr_vector)
 .isr_vector    0x0000000008000000      0x134 stm32f10x_lib/libstm32.a(stm32f10x_vector.o)
                0x0000000008000000                g_pfnVectors
                0x0000000008000134                . = ALIGN (0x4)

.flashtext      0x0000000008000134        0x0
                0x0000000008000134                . = ALIGN (0x4)
 *(.flashtext)
                0x0000000008000134                . = ALIGN (0x4)

.text           0x0000000008000134     0x48b4
                0x0000000008000134                . = ALIGN (0x4)
 *(.text)
 .text          0x0000000008000134      0x134 CM730_APP/src/stm32f10x_it.o
                0x0000000008000134                NMIException
                0x0000000008000136                HardFaultException
                0x0000000008000138                MemManageException
                0x000000000800013a                BusFaultException
                0x000000000800013c                UsageFaultException
                0x000000000800013e                DebugMonitor
                0x0000000008000140                SVCHandler
                0x0000000008000142                PendSVC
                0x0000000008000144                SysTickHandler
                0x0000000008000148                WWDG_IRQHandler
                0x000000000800014a                PVD_IRQHandler
                0x000000000800014c                TAMPER_IRQHandler
                0x000000000800014e                RTC_IRQHandler
                0x0000000008000150                FLASH_IRQHandler
                0x0000000008000152                RCC_IRQHandler
                0x0000000008000154                EXTI0_IRQHandler
                0x0000000008000156                EXTI1_IRQHandler
                0x0000000008000158                EXTI2_IRQHandler
                0x000000000800015a                EXTI3_IRQHandler
                0x000000000800015c                EXTI4_IRQHandler
                0x000000000800015e                DMA1_Channel1_IRQHandler
                0x0000000008000160                DMA1_Channel2_IRQHandler
                0x0000000008000162                DMA1_Channel3_IRQHandler
                0x0000000008000164                DMA1_Channel4_IRQHandler
                0x0000000008000166                DMA1_Channel5_IRQHandler
                0x0000000008000168                DMA1_Channel6_IRQHandler
                0x000000000800016a                DMA1_Channel7_IRQHandler
                0x000000000800016c                ADC1_2_IRQHandler
                0x0000000008000170                USB_HP_CAN_TX_IRQHandler
                0x0000000008000172                USB_LP_CAN_RX0_IRQHandler
                0x0000000008000174                CAN_RX1_IRQHandler
                0x0000000008000176                CAN_SCE_IRQHandler
                0x0000000008000178                EXTI9_5_IRQHandler
                0x000000000800017a                TIM1_BRK_IRQHandler
                0x000000000800017c                TIM1_UP_IRQHandler
                0x000000000800017e                TIM1_TRG_COM_IRQHandler
                0x0000000008000180                TIM1_CC_IRQHandler
                0x0000000008000182                TIM2_IRQHandler
                0x0000000008000224                TIM3_IRQHandler
                0x0000000008000226                TIM4_IRQHandler
                0x0000000008000228                I2C1_EV_IRQHandler
                0x000000000800022a                I2C1_ER_IRQHandler
                0x000000000800022c                I2C2_EV_IRQHandler
                0x000000000800022e                I2C2_ER_IRQHandler
                0x0000000008000230                SPI1_IRQHandler
                0x0000000008000232                SPI2_IRQHandler
                0x0000000008000234                USART1_IRQHandler
                0x0000000008000238                USART2_IRQHandler
                0x000000000800023a                USART3_IRQHandler
                0x000000000800023e                EXTI15_10_IRQHandler
                0x0000000008000240                RTCAlarm_IRQHandler
                0x0000000008000242                USBWakeUp_IRQHandler
                0x0000000008000244                TIM8_BRK_IRQHandler
                0x0000000008000246                TIM8_UP_IRQHandler
                0x0000000008000248                TIM8_TRG_COM_IRQHandler
                0x000000000800024a                TIM8_CC_IRQHandler
                0x000000000800024c                ADC3_IRQHandler
                0x000000000800024e                FSMC_IRQHandler
                0x0000000008000250                SDIO_IRQHandler
                0x0000000008000252                TIM5_IRQHandler
                0x0000000008000254                SPI3_IRQHandler
                0x0000000008000256                UART4_IRQHandler
                0x0000000008000258                UART5_IRQHandler
                0x000000000800025c                TIM6_IRQHandler
                0x000000000800025e                TIM7_IRQHandler
                0x0000000008000260                DMA2_Channel1_IRQHandler
                0x0000000008000262                DMA2_Channel2_IRQHandler
                0x0000000008000264                DMA2_Channel3_IRQHandler
                0x0000000008000266                DMA2_Channel4_5_IRQHandler
 .text          0x0000000008000268       0x88 CM730_APP/src/isr.o
                0x0000000008000268                ISR_BATTERY_CHECK
                0x00000000080002c0                ISR_1ms_TIMER
                0x00000000080002d0                ISR_SPI_READ
                0x00000000080002d4                ISR_USART_DXL
                0x00000000080002d8                ISR_USART_ZIGBEE
                0x00000000080002dc                ISR_USART_PC
                0x00000000080002e0                ISR_LED_RGB_TIMER
                0x00000000080002e2                ISR_DELAY
                0x00000000080002e6                ISR_ADC
                0x00000000080002ea                ISR_BUZZER
                0x00000000080002ec                ISR_MOTOR_CONTROL
 .text          0x00000000080002f0      0x1dc CM730_APP/src/zigbee.o
                0x00000000080002f0                zgb_initialize
                0x0000000008000310                zgb_terminate
                0x0000000008000314                zgb_tx_data
                0x0000000008000350                zgb_rx_check
                0x000000000800040c                zgb_rx_data
                0x000000000800041c                Zigbee_SetState
                0x0000000008000434                ScanZigbee
 .text          0x00000000080004cc       0x6a CM730_APP/src/zgb_hal.o
                0x00000000080004cc                zgb_hal_open
                0x00000000080004dc                zgb_hal_close
                0x00000000080004de                zgb_hal_tx
                0x00000000080004fc                zgb_hal_rx
 *fill*         0x0000000008000536        0x2 
 .text          0x0000000008000538      0xa98 CM730_APP/src/CM_DXL_COM.o
                0x0000000008000538                TorqueOff
                0x0000000008000614                WriteControlTable
                0x0000000008000684                WriteControlTableRangeCheck
                0x00000000080006f0                ReturnPacket
                0x00000000080007e8                ProcessAfterWriting
                0x00000000080008fc                Process
 .text          0x0000000008000fd0       0x30 CM730_HW/src/button.o
                0x0000000008000fd0                ReadButton
 .text          0x0000000008001000       0xfc CM730_HW/src/led.o
                0x0000000008001000                LED_SetState
                0x00000000080010a0                LED_GetState
                0x00000000080010f4                LED_RGB_SetState
                0x00000000080010f6                LED_RGB_GetState
 .text          0x00000000080010fc      0x62c CM730_HW/src/system_init.o
                0x00000000080010fc                Buzzer_Configuration
                0x0000000008001180                Timer_Configuration
                0x000000000800120c                SysTick_Configuration
                0x0000000008001220                RCC_Configuration
                0x00000000080012a4                USART_Configuration
                0x0000000008001358                USART_GetBaudrate
                0x000000000800137c                ADC_Configuration
                0x000000000800144c                SPI_Configuration
                0x00000000080014bc                GPIO_Configuration
                0x0000000008001620                NVIC_Configuration
                0x00000000080016a0                System_Configuration
 .text          0x0000000008001728      0x1cc CM730_HW/src/system_func.o
                0x0000000008001728                getResetSource
                0x0000000008001786                mDelay
                0x00000000080017b0                Dummy
                0x00000000080017b2                uDelay
                0x00000000080017d8                __ISR_DELAY
                0x00000000080017ec                dxl_set_power
                0x0000000008001804                getVoltage
                0x000000000800181c                EEPROM_Read
                0x000000000800182a                EEPROM_Write
                0x00000000080018d0                EEPROM_Clear
 .text          0x00000000080018f4       0xac CM730_HW/src/adc.o
                0x00000000080018f4                getADC
                0x0000000008001904                __ISR_ADC
 .text          0x00000000080019a0      0x340 CM730_HW/src/usart.o
                0x00000000080019a0                BufferClear
                0x00000000080019b4                IsRXD_Ready
                0x00000000080019d4                RxDBuffer
                0x00000000080019fc                TxDData
                0x0000000008001a84                __ISR_USART_ZIGBEE
                0x0000000008001ab8                __ISR_USART_PC
                0x0000000008001bd4                __ISR_USART_DXL
                0x0000000008001cd0                enableDXLForwarding
 .text          0x0000000008001ce0      0x1d8 CM730_HW/src/sound.o
                0x0000000008001ce0                setBuzzerPlayLength
                0x0000000008001cec                getBuzzerPlayLength
                0x0000000008001cf8                setBuzzerData
                0x0000000008001d04                getBuzzerData
                0x0000000008001d10                getBuzzerState
                0x0000000008001d28                PlayDoremi
                0x0000000008001d54                PlayMusic
                0x0000000008001d6c                PlayBuzzer
                0x0000000008001d84                SetBuzzer
                0x0000000008001da4                setBuzzerOff
                0x0000000008001db4                __ISR_Buzzer_Manage
 .text          0x0000000008001eb8      0x4b4 CM730_HW/src/gyro_acc.o
                0x0000000008001eb8                Push_SPI_Data
                0x0000000008001ed0                Clear_SPI_Data
                0x0000000008001edc                CovertData
                0x0000000008001ffc                getGyroX
                0x0000000008002008                getGyroY
                0x0000000008002014                getGyroZ
                0x0000000008002020                getACC_X
                0x000000000800202c                getACC_Y
                0x0000000008002038                getACC_Z
                0x0000000008002044                getGyroX_raw
                0x0000000008002050                getGyroY_raw
                0x000000000800205c                getGyroZ_raw
                0x0000000008002068                getACC_X_raw
                0x0000000008002074                getACC_Y_raw
                0x0000000008002080                getACC_Z_raw
                0x000000000800208c                Gyro_Configuration
                0x000000000800218c                ACC_Configuration
                0x000000000800228c                __GYRO_ACC_READ_ISR
 .text          0x000000000800236c      0x328 stm32f10x_lib/libstm32.a(stm32f10x_adc.o)
                0x000000000800236c                ADC_DeInit
                0x00000000080023c4                ADC_Init
                0x000000000800240c                ADC_StructInit
                0x000000000800241e                ADC_Cmd
                0x0000000008002430                ADC_DMACmd
                0x0000000008002442                ADC_ITConfig
                0x0000000008002454                ADC_ResetCalibration
                0x000000000800245e                ADC_GetResetCalibrationStatus
                0x0000000008002466                ADC_StartCalibration
                0x0000000008002470                ADC_GetCalibrationStatus
                0x0000000008002478                ADC_SoftwareStartConvCmd
                0x000000000800248a                ADC_GetSoftwareStartConvStatus
                0x0000000008002492                ADC_DiscModeChannelCountConfig
                0x00000000080024a2                ADC_DiscModeCmd
                0x00000000080024b4                ADC_RegularChannelConfig
                0x0000000008002538                ADC_ExternalTrigConvCmd
                0x000000000800254a                ADC_GetConversionValue
                0x0000000008002550                ADC_GetDualModeConversionValue
                0x000000000800255c                ADC_AutoInjectedConvCmd
                0x000000000800256e                ADC_InjectedDiscModeCmd
                0x0000000008002580                ADC_ExternalTrigInjectedConvConfig
                0x000000000800258c                ADC_ExternalTrigInjectedConvCmd
                0x000000000800259e                ADC_SoftwareStartInjectedConvCmd
                0x00000000080025b0                ADC_GetSoftwareStartInjectedConvCmdStatus
                0x00000000080025b8                ADC_InjectedChannelConfig
                0x000000000800260c                ADC_InjectedSequencerLengthConfig
                0x000000000800261c                ADC_SetInjectedOffset
                0x0000000008002620                ADC_GetInjectedConversionValue
                0x0000000008002628                ADC_AnalogWatchdogCmd
                0x0000000008002638                ADC_AnalogWatchdogThresholdsConfig
                0x000000000800263e                ADC_AnalogWatchdogSingleChannelConfig
                0x000000000800264a                ADC_TempSensorVrefintCmd
                0x0000000008002664                ADC_GetFlagStatus
                0x0000000008002670                ADC_ClearFlag
                0x0000000008002676                ADC_GetITStatus
                0x000000000800268c                ADC_ClearITPendingBit
 .text          0x0000000008002694       0xc0 stm32f10x_lib/libstm32.a(stm32f10x_bkp.o)
                0x0000000008002694                BKP_DeInit
                0x00000000080026a6                BKP_TamperPinLevelConfig
                0x00000000080026b0                BKP_TamperPinCmd
                0x00000000080026bc                BKP_ITConfig
                0x00000000080026c8                BKP_RTCOutputConfig
                0x00000000080026e0                BKP_SetRTCCalibrationValue
                0x00000000080026f8                BKP_WriteBackupRegister
                0x0000000008002704                BKP_ReadBackupRegister
                0x0000000008002712                BKP_GetFlagStatus
                0x0000000008002720                BKP_ClearFlag
                0x0000000008002734                BKP_GetITStatus
                0x0000000008002740                BKP_ClearITPendingBit
 .text          0x0000000008002754      0x480 stm32f10x_lib/libstm32.a(stm32f10x_flash.o)
                0x0000000008002754                FLASH_SetLatency
                0x000000000800276c                FLASH_HalfCycleAccessCmd
                0x0000000008002784                FLASH_PrefetchBufferCmd
                0x000000000800279c                FLASH_Unlock
                0x00000000080027b4                FLASH_Lock
                0x00000000080027c4                FLASH_GetUserOptionByte
                0x00000000080027d0                FLASH_GetWriteProtectionOptionByte
                0x00000000080027dc                FLASH_GetReadOutProtectionStatus
                0x00000000080027ec                FLASH_GetPrefetchBufferStatus
                0x00000000080027fc                FLASH_ITConfig
                0x0000000008002814                FLASH_GetFlagStatus
                0x0000000008002834                FLASH_ClearFlag
                0x0000000008002840                FLASH_GetStatus
                0x0000000008002868                FLASH_WaitForLastOperation
                0x000000000800289e                FLASH_ErasePage
                0x00000000080028e0                FLASH_EraseAllPages
                0x000000000800291c                FLASH_EraseOptionBytes
                0x000000000800298c                FLASH_ProgramWord
                0x00000000080029d4                FLASH_ProgramHalfWord
                0x0000000008002a0c                FLASH_ProgramOptionByteData
                0x0000000008002a54                FLASH_EnableWriteProtection
                0x0000000008002af4                FLASH_ReadOutProtection
                0x0000000008002b80                FLASH_UserOptionByteConfig
 .text          0x0000000008002bd4      0x258 stm32f10x_lib/libstm32.a(stm32f10x_gpio.o)
                0x0000000008002bd4                GPIO_DeInit
                0x0000000008002c78                GPIO_AFIODeInit
                0x0000000008002c8e                GPIO_Init
                0x0000000008002d2a                GPIO_StructInit
                0x0000000008002d3a                GPIO_ReadInputDataBit
                0x0000000008002d46                GPIO_ReadInputData
                0x0000000008002d4c                GPIO_ReadOutputDataBit
                0x0000000008002d58                GPIO_ReadOutputData
                0x0000000008002d5e                GPIO_SetBits
                0x0000000008002d62                GPIO_ResetBits
                0x0000000008002d66                GPIO_WriteBit
                0x0000000008002d70                GPIO_Write
                0x0000000008002d74                GPIO_PinLockConfig
                0x0000000008002d84                GPIO_EventOutputConfig
                0x0000000008002da0                GPIO_EventOutputCmd
                0x0000000008002dac                GPIO_PinRemapConfig
                0x0000000008002e00                GPIO_EXTILineConfig
 .text          0x0000000008002e2c      0x314 stm32f10x_lib/libstm32.a(stm32f10x_nvic.o)
                0x0000000008002e2c                NVIC_DeInit
                0x0000000008002e60                NVIC_SCBDeInit
                0x0000000008002e90                NVIC_PriorityGroupConfig
                0x0000000008002ea4                NVIC_Init
                0x0000000008002f28                NVIC_StructInit
                0x0000000008002f34                NVIC_SETPRIMASK
                0x0000000008002f38                NVIC_RESETPRIMASK
                0x0000000008002f3c                NVIC_SETFAULTMASK
                0x0000000008002f40                NVIC_RESETFAULTMASK
                0x0000000008002f44                NVIC_BASEPRICONFIG
                0x0000000008002f4a                NVIC_GetBASEPRI
                0x0000000008002f4e                NVIC_GetCurrentPendingIRQChannel
                0x0000000008002f5c                NVIC_GetIRQChannelPendingBitStatus
                0x0000000008002f7c                NVIC_SetIRQChannelPendingBit
                0x0000000008002f88                NVIC_ClearIRQChannelPendingBit
                0x0000000008002fa0                NVIC_GetCurrentActiveHandler
                0x0000000008002fb0                NVIC_GetIRQChannelActiveBitStatus
                0x0000000008002fd0                NVIC_GetCPUID
                0x0000000008002fdc                NVIC_SetVectorTable
                0x0000000008002ff0                NVIC_GenerateSystemReset
                0x0000000008003000                NVIC_GenerateCoreReset
                0x0000000008003010                NVIC_SystemLPConfig
                0x0000000008003028                NVIC_SystemHandlerConfig
                0x0000000008003048                NVIC_SystemHandlerPriorityConfig
                0x0000000008003094                NVIC_GetSystemHandlerPendingBitStatus
                0x00000000080030b0                NVIC_SetSystemHandlerPendingBit
                0x00000000080030c8                NVIC_ClearSystemHandlerPendingBit
                0x00000000080030e0                NVIC_GetSystemHandlerActiveBitStatus
                0x00000000080030fc                NVIC_GetFaultHandlerSources
                0x000000000800312c                NVIC_GetFaultAddress
 .text          0x0000000008003140       0xc8 stm32f10x_lib/libstm32.a(stm32f10x_pwr.o)
                0x0000000008003140                PWR_DeInit
                0x000000000800315a                PWR_BackupAccessCmd
                0x0000000008003164                PWR_PVDCmd
                0x0000000008003170                PWR_PVDLevelConfig
                0x0000000008003184                PWR_WakeUpPinCmd
                0x0000000008003190                PWR_EnterSTOPMode
                0x00000000080031bc                PWR_EnterSTANDBYMode
                0x00000000080031e4                PWR_GetFlagStatus
                0x00000000080031f8                PWR_ClearFlag
 .text          0x0000000008003208      0x33c stm32f10x_lib/libstm32.a(stm32f10x_rcc.o)
                0x0000000008003208                RCC_DeInit
                0x0000000008003244                RCC_HSEConfig
                0x000000000800327c                RCC_AdjustHSICalibrationValue
                0x0000000008003290                RCC_HSICmd
                0x000000000800329c                RCC_PLLConfig
                0x00000000080032b0                RCC_PLLCmd
                0x00000000080032bc                RCC_SYSCLKConfig
                0x00000000080032d0                RCC_GetSYSCLKSource
                0x00000000080032e0                RCC_HCLKConfig
                0x00000000080032f4                RCC_PCLK1Config
                0x0000000008003308                RCC_PCLK2Config
                0x000000000800331c                RCC_ITConfig
                0x0000000008003334                RCC_USBCLKConfig
                0x0000000008003340                RCC_ADCCLKConfig
                0x0000000008003354                RCC_LSEConfig
                0x0000000008003374                RCC_LSICmd
                0x0000000008003380                RCC_RTCCLKConfig
                0x0000000008003390                RCC_RTCCLKCmd
                0x000000000800339c                RCC_GetClocksFreq
                0x0000000008003420                RCC_AHBPeriphClockCmd
                0x0000000008003438                RCC_APB2PeriphClockCmd
                0x0000000008003450                RCC_APB1PeriphClockCmd
                0x0000000008003468                RCC_APB2PeriphResetCmd
                0x0000000008003480                RCC_APB1PeriphResetCmd
                0x0000000008003498                RCC_BackupResetCmd
                0x00000000080034a4                RCC_ClockSecuritySystemCmd
                0x00000000080034b0                RCC_MCOConfig
                0x00000000080034bc                RCC_GetFlagStatus
                0x00000000080034e4                RCC_WaitForHSEStartUp
                0x0000000008003512                RCC_ClearFlag
                0x0000000008003524                RCC_GetITStatus
                0x0000000008003538                RCC_ClearITPendingBit
 .text          0x0000000008003544      0x2bc stm32f10x_lib/libstm32.a(stm32f10x_spi.o)
                0x0000000008003544                SPI_I2S_DeInit
                0x00000000080035a4                SPI_Init
                0x00000000080035e2                I2S_Init
                0x0000000008003682                SPI_StructInit
                0x000000000800369a                I2S_StructInit
                0x00000000080036ac                SPI_Cmd
                0x00000000080036c4                I2S_Cmd
                0x00000000080036dc                SPI_I2S_ITConfig
                0x00000000080036fa                SPI_I2S_DMACmd
                0x000000000800370c                SPI_I2S_SendData
                0x0000000008003710                SPI_I2S_ReceiveData
                0x0000000008003716                SPI_NSSInternalSoftwareConfig
                0x0000000008003734                SPI_SSOutputCmd
                0x000000000800374c                SPI_DataSizeConfig
                0x0000000008003762                SPI_TransmitCRC
                0x000000000800376e                SPI_CalculateCRC
                0x0000000008003786                SPI_GetCRC
                0x0000000008003792                SPI_GetCRCPolynomial
                0x0000000008003798                SPI_BiDirectionalLineConfig
                0x00000000080037b4                SPI_I2S_GetFlagStatus
                0x00000000080037c0                SPI_I2S_ClearFlag
                0x00000000080037c8                SPI_I2S_GetITStatus
                0x00000000080037ee                SPI_I2S_ClearITPendingBit
 .text          0x0000000008003800       0x8c stm32f10x_lib/libstm32.a(stm32f10x_systick.o)
                0x0000000008003800                SysTick_CLKSourceConfig
                0x0000000008003818                SysTick_SetReload
                0x0000000008003824                SysTick_CounterCmd
                0x000000000800384c                SysTick_ITConfig
                0x0000000008003864                SysTick_GetCounter
                0x0000000008003870                SysTick_GetFlagStatus
 .text          0x000000000800388c      0xa44 stm32f10x_lib/libstm32.a(stm32f10x_tim.o)
                0x00000000080038f8                TIM_DeInit
                0x00000000080039c0                TIM_TimeBaseInit
                0x00000000080039fc                TIM_OC1Init
                0x0000000008003a70                TIM_OC2Init
                0x0000000008003af8                TIM_OC3Init
                0x0000000008003b7c                TIM_OC4Init
                0x0000000008003be4                TIM_BDTRConfig
                0x0000000008003c06                TIM_TimeBaseStructInit
                0x0000000008003c18                TIM_OCStructInit
                0x0000000008003c2c                TIM_ICStructInit
                0x0000000008003c3c                TIM_BDTRStructInit
                0x0000000008003c4e                TIM_Cmd
                0x0000000008003c66                TIM_CtrlPWMOutputs
                0x0000000008003c82                TIM_ITConfig
                0x0000000008003c94                TIM_GenerateEvent
                0x0000000008003c98                TIM_DMAConfig
                0x0000000008003ca0                TIM_DMACmd
                0x0000000008003cb2                TIM_InternalClockConfig
                0x0000000008003cc0                TIM_ITRxExternalClockConfig
                0x0000000008003cda                TIM_TIxExternalClockConfig
                0x0000000008003d0e                TIM_ETRConfig
                0x0000000008003d22                TIM_ETRClockMode1Config
                0x0000000008003d3c                TIM_ETRClockMode2Config
                0x0000000008003d50                TIM_PrescalerConfig
                0x0000000008003d56                TIM_CounterModeConfig
                0x0000000008003d66                TIM_SelectInputTrigger
                0x0000000008003d76                TIM_EncoderInterfaceConfig
                0x0000000008003db2                TIM_ForcedOC1Config
                0x0000000008003dc2                TIM_ForcedOC2Config
                0x0000000008003dd6                TIM_ForcedOC3Config
                0x0000000008003de6                TIM_ForcedOC4Config
                0x0000000008003dfa                TIM_ARRPreloadConfig
                0x0000000008003e12                TIM_SelectCOM
                0x0000000008003e2a                TIM_SelectCCDMA
                0x0000000008003e42                TIM_CCPreloadControl
                0x0000000008003e5a                TIM_OC1PreloadConfig
                0x0000000008003e6a                TIM_OC2PreloadConfig
                0x0000000008003e7e                TIM_OC3PreloadConfig
                0x0000000008003e8e                TIM_OC4PreloadConfig
                0x0000000008003ea2                TIM_OC1FastConfig
                0x0000000008003eb2                TIM_OC2FastConfig
                0x0000000008003ec6                TIM_OC3FastConfig
                0x0000000008003ed6                TIM_OC4FastConfig
                0x0000000008003eea                TIM_ClearOC1Ref
                0x0000000008003efa                TIM_ClearOC2Ref
                0x0000000008003f0a                TIM_ClearOC3Ref
                0x0000000008003f1a                TIM_ClearOC4Ref
                0x0000000008003f2a                TIM_OC1PolarityConfig
                0x0000000008003f3a                TIM_OC1NPolarityConfig
                0x0000000008003f4a                TIM_OC2PolarityConfig
                0x0000000008003f5e                TIM_OC2NPolarityConfig
                0x0000000008003f72                TIM_OC3PolarityConfig
                0x0000000008003f86                TIM_OC3NPolarityConfig
                0x0000000008003f9a                TIM_OC4PolarityConfig
                0x0000000008003fae                TIM_CCxCmd
                0x0000000008003fca                TIM_CCxNCmd
                0x0000000008003fe6                TIM_SelectOCxM
                0x000000000800402a                TIM_UpdateDisableConfig
                0x0000000008004042                TIM_UpdateRequestConfig
                0x000000000800405a                TIM_SelectHallSensor
                0x0000000008004072                TIM_SelectOnePulseMode
                0x0000000008004088                TIM_SelectOutputTrigger
                0x000000000800409e                TIM_SelectSlaveMode
                0x00000000080040b4                TIM_SelectMasterSlaveMode
                0x00000000080040ca                TIM_SetCounter
                0x00000000080040ce                TIM_SetAutoreload
                0x00000000080040d2                TIM_SetCompare1
                0x00000000080040d6                TIM_SetCompare2
                0x00000000080040da                TIM_SetCompare3
                0x00000000080040de                TIM_SetCompare4
                0x00000000080040e4                TIM_SetIC1Prescaler
                0x00000000080040fa                TIM_SetIC2Prescaler
                0x0000000008004114                TIM_PWMIConfig
                0x0000000008004182                TIM_SetIC3Prescaler
                0x0000000008004198                TIM_SetIC4Prescaler
                0x00000000080041b2                TIM_ICInit
                0x0000000008004268                TIM_SetClockDivision
                0x0000000008004278                TIM_GetCapture1
                0x000000000800427e                TIM_GetCapture2
                0x0000000008004284                TIM_GetCapture3
                0x000000000800428a                TIM_GetCapture4
                0x0000000008004292                TIM_GetCounter
                0x0000000008004298                TIM_GetPrescaler
                0x000000000800429e                TIM_GetFlagStatus
                0x00000000080042aa                TIM_ClearFlag
                0x00000000080042b2                TIM_GetITStatus
                0x00000000080042c8                TIM_ClearITPendingBit
 .text          0x00000000080042d0      0x344 stm32f10x_lib/libstm32.a(stm32f10x_usart.o)
                0x00000000080042d0                USART_DeInit
                0x0000000008004364                USART_Init
                0x00000000080043ec                USART_StructInit
                0x0000000008004402                USART_ClockInit
                0x0000000008004422                USART_ClockStructInit
                0x000000000800442e                USART_Cmd
                0x0000000008004446                USART_ITConfig
                0x0000000008004478                USART_DMACmd
                0x000000000800448a                USART_SetAddress
                0x00000000080044a0                USART_WakeUpConfig
                0x00000000080044b6                USART_ReceiverWakeUpCmd
                0x00000000080044ce                USART_LINBreakDetectLengthConfig
                0x00000000080044e4                USART_LINCmd
                0x00000000080044fc                USART_SendData
                0x0000000008004504                USART_ReceiveData
                0x000000000800450c                USART_SendBreak
                0x0000000008004518                USART_SetGuardTime
                0x000000000800452a                USART_SetPrescaler
                0x000000000800453c                USART_SmartCardCmd
                0x0000000008004554                USART_SmartCardNACKCmd
                0x000000000800456c                USART_HalfDuplexCmd
                0x0000000008004584                USART_IrDAConfig
                0x000000000800459a                USART_IrDACmd
                0x00000000080045b2                USART_GetFlagStatus
                0x00000000080045be                USART_ClearFlag
                0x00000000080045c6                USART_GetITStatus
                0x0000000008004604                USART_ClearITPendingBit
 .text          0x0000000008004614       0x6e stm32f10x_lib/libstm32.a(cortexm3_macro.o)
                0x0000000008004614                __WFI
                0x0000000008004618                __WFE
                0x000000000800461c                __SEV
                0x0000000008004620                __ISB
                0x0000000008004626                __DSB
                0x000000000800462c                __DMB
                0x0000000008004632                __SVC
                0x0000000008004636                __MRS_CONTROL
                0x000000000800463c                __MSR_CONTROL
                0x0000000008004646                __MRS_PSP
                0x000000000800464c                __MSR_PSP
                0x0000000008004652                __MRS_MSP
                0x0000000008004658                __MSR_MSP
                0x000000000800465e                __SETPRIMASK
                0x0000000008004662                __RESETPRIMASK
                0x0000000008004666                __SETFAULTMASK
                0x000000000800466a                __RESETFAULTMASK
                0x000000000800466e                __BASEPRICONFIG
                0x0000000008004674                __GetBASEPRI
                0x000000000800467a                __REV_HalfWord
                0x000000000800467e                __REV_Word
 *fill*         0x0000000008004682        0x2 
 .text          0x0000000008004684       0x50 stm32f10x_lib/libstm32.a(stm32f10x_vector.o)
                0x0000000008004684                Reset_Handler
 *(.text.*)
 .text.startup  0x00000000080046d4       0x80 CM730_APP/src/main.o
                0x00000000080046d4                main
 *(.rodata)
 .rodata        0x0000000008004754      0x280 CM730_HW/src/sound.o
                0x0000000008004754                DoremiTable
                0x00000000080047bc                SoundTable
                0x00000000080047f6                Sound31
                0x0000000008004818                Sound30
                0x0000000008004828                Sound25
                0x0000000008004836                Sound24
                0x000000000800484a                Sound23
                0x0000000008004856                Sound22
                0x000000000800487e                Sound21
                0x000000000800488e                Sound20
                0x0000000008004898                Sound15
                0x00000000080048aa                Sound13
                0x00000000080048be                Sound12
                0x00000000080048d0                Sound11
                0x00000000080048dc                Sound10
                0x00000000080048e6                Sound8
                0x00000000080048f6                Sound7
                0x0000000008004902                Sound6
                0x000000000800490c                Sound5
                0x000000000800491c                Sound4
                0x0000000008004928                Sound3
                0x0000000008004934                Sound2
                0x0000000008004946                Sound1
                0x0000000008004956                Sound0
                0x0000000008004968                Music7
                0x0000000008004984                Music6
                0x00000000080049ac                Music1
                0x00000000080049c0                Music0
 .rodata        0x00000000080049d4       0x14 stm32f10x_lib/libstm32.a(stm32f10x_rcc.o)
 *(.rodata*)
 *(.glue_7)
 .glue_7        0x0000000000000000        0x0 linker stubs
 *(.glue_7t)
 .glue_7t       0x0000000000000000        0x0 linker stubs
                0x00000000080049e8                . = ALIGN (0x4)
                0x00000000080049e8                _etext = .
                0x00000000080049e8                _sidata = _etext

.vfp11_veneer   0x00000000080049e8        0x0
 .vfp11_veneer  0x0000000000000000        0x0 linker stubs

.v4_bx          0x00000000080049e8        0x0
 .v4_bx         0x0000000000000000        0x0 linker stubs

.iplt           0x00000000080049e8        0x0
 .iplt          0x0000000000000000        0x0 /usr/bin/../lib/gcc/arm-none-eabi/4.9.3/crtbegin.o

.rel.dyn        0x00000000080049e8        0x0
 .rel.iplt      0x0000000000000000        0x0 /usr/bin/../lib/gcc/arm-none-eabi/4.9.3/crtbegin.o

.data           0x0000000020000000      0x2f4 load address 0x00000000080049e8
                0x0000000020000000                . = ALIGN (0x4)
                0x0000000020000000                _sdata = .
 *(.data)
 .data          0x0000000020000000      0x126 CM730_APP/src/CM_DXL_COM.o
                0x0000000020000000                gbpDataSize
                0x000000002000005a                gbpParameterRange
                0x000000002000010e                ROM_INITIAL_DATA
 *fill*         0x0000000020000126        0x2 
 .data          0x0000000020000128       0x16 CM730_HW/src/system_init.o
                0x0000000020000128                CCR4_Val
                0x000000002000012c                Baudrate_DXL
                0x0000000020000130                Baudrate_ZIGBEE
                0x0000000020000134                Baudrate_PC
                0x0000000020000138                CCR3_Val
                0x000000002000013a                CCR2_Val
                0x000000002000013c                CCR1_Val
 .data          0x000000002000013e      0x100 CM730_HW/src/system_func.o
                0x000000002000013e                gbVoltageTable
 *fill*         0x000000002000023e        0x2 
 .data          0x0000000020000240       0x40 CM730_HW/src/adc.o
                0x0000000020000240                ADC_Channel
 .data          0x0000000020000280       0x6a CM730_HW/src/sound.o
                0x0000000020000280                MusicTable
                0x00000000200002e8                Music_TempoContainer
 .data          0x00000000200002ea        0x9 CM730_HW/src/gyro_acc.o
                0x00000000200002ea                SPI_TxBuffer
 *(.data.*)
                0x00000000200002f4                . = ALIGN (0x4)
 *fill*         0x00000000200002f3        0x1 
                0x00000000200002f4                _edata = .

.igot.plt       0x00000000200002f4        0x0 load address 0x0000000008004cdc
 .igot.plt      0x0000000000000000        0x0 /usr/bin/../lib/gcc/arm-none-eabi/4.9.3/crtbegin.o

.bss            0x00000000200002f4     0x1114 load address 0x0000000008004cdc
                0x00000000200002f4                . = ALIGN (0x4)
                0x00000000200002f4                _sbss = .
 *(.bss)
 .bss           0x00000000200002f4        0x4 CM730_APP/src/stm32f10x_it.o
                0x00000000200002f4                gwCounter1
                0x00000000200002f7                Counter
 .bss           0x00000000200002f8        0x5 CM730_APP/src/isr.o
                0x00000000200002f9                bLedBlinkFlag
                0x00000000200002fa                wLED_Timer
                0x00000000200002fc                bLED_Counter
 *fill*         0x00000000200002fd        0x1 
 .bss           0x00000000200002fe        0xe CM730_APP/src/zigbee.o
                0x00000000200002fe                gbRcvFlag
                0x0000000020000300                gwRcvData
                0x0000000020000302                gbRcvPacketNum
                0x0000000020000303                gbRcvPacket
                0x000000002000030a                gwMyZigbeeID
 .bss           0x000000002000030c      0x87a CM730_APP/src/CM_DXL_COM.o
                0x000000002000030c                gbTxD0BufferWritePointer
                0x000000002000030d                gbTxD0BufferReadPointer
                0x000000002000030e                gbpTxD0Buffer
                0x000000002000040e                gbStartAddress
                0x000000002000040f                gbpParameter
                0x000000002000050f                gbpControlTable
                0x000000002000056a                gbParameterLength
                0x000000002000056b                gbInstruction
                0x000000002000056c                gbRxID
                0x000000002000056d                gbInterruptCheckError
                0x000000002000056e                gbTxD1BufferWritePointer
                0x000000002000056f                gbpTxD1Buffer
                0x000000002000066f                gbTxD1Transmitting
                0x0000000020000670                gbTxD1BufferReadPointer
                0x0000000020000671                gbDxlPwr
                0x0000000020000672                gbLEDHeadR
                0x0000000020000673                gbLEDHeadG
                0x0000000020000674                gbLEDHeadB
                0x0000000020000675                gbLEDEyeR
                0x0000000020000676                gbLEDEyeG
                0x0000000020000677                gbLEDEyeB
                0x0000000020000678                gbMiliSec
                0x0000000020000679                gbRxBufferReadPointer
                0x000000002000067a                gbRxBufferWritePointer
                0x000000002000067b                gbpRxInterruptBuffer
                0x000000002000077b                gbRxD0BufferReadPointer
                0x000000002000077c                gbRxD0BufferWritePointer
                0x000000002000077d                gbpRxD0Buffer
                0x000000002000087d                gbLEDPwm
                0x000000002000087e                gbLEDBlinkCounter
                0x000000002000087f                gbpRegParameter
                0x000000002000097f                gbRegParameterLength
                0x0000000020000980                gbRegAddress
                0x0000000020000981                gbTxD0Transmitting
                0x0000000020000982                gbRxD1BufferReadPointer
                0x0000000020000983                gbRxD1BufferWritePointer
                0x0000000020000984                gbpRxD1Buffer
                0x0000000020000a84                gbTxBufferReadPointer
                0x0000000020000a85                gbTxBufferWritePointer
                0x0000000020000a86                gbpTxInterruptBuffer
 *fill*         0x0000000020000b86        0x2 
 .bss           0x0000000020000b88        0xc CM730_HW/src/system_func.o
                0x0000000020000b88                gwTimingDelay
                0x0000000020000b90                tmpdly
 .bss           0x0000000020000b94       0x21 CM730_HW/src/adc.o
                0x0000000020000b94                ADC_Value
                0x0000000020000bb4                ADC_Channel_Index
 *fill*         0x0000000020000bb5        0x1 
 .bss           0x0000000020000bb6      0x805 CM730_HW/src/usart.o
                0x0000000020000bb6                gwUSART_ZIGBEE_WritePtr
                0x0000000020000bb8                gwUSART_ZIGBEE_ReadPtr
                0x0000000020000bba                gwpUSART_ZIGBEE_Buffer
                0x00000000200013ba                gbDXLForwarding
 *fill*         0x00000000200013bb        0x1 
 .bss           0x00000000200013bc       0x1e CM730_HW/src/sound.o
                0x00000000200013bc                gbBuzzerPlayLength
                0x00000000200013bd                gbBuzzerData
                0x00000000200013be                Music_Play
                0x00000000200013c0                Doremi_Play
                0x00000000200013c2                Doremi_Index
                0x00000000200013c4                Doremi_TimCount
                0x00000000200013c6                Music_MusicIndex
                0x00000000200013c8                Music_ReadIndex
                0x00000000200013ca                Music_TempoCnt
                0x00000000200013cc                Music_CurrentPacket
                0x00000000200013ce                Music_CurrentLen
                0x00000000200013d0                Music_CurrentSound
                0x00000000200013d2                Music_WaveFlag
                0x00000000200013d4                Music_WaveStep
                0x00000000200013d6                Music_StartDelayFlag
                0x00000000200013d8                Music_WaveBuffer
 .bss           0x00000000200013da       0x2e CM730_HW/src/gyro_acc.o
                0x00000000200013da                SPI_RxBufferPointer
                0x00000000200013db                SPI_RxBuffer
                0x00000000200013ee                Gyro_X_raw
                0x00000000200013f0                Gyro_Y_raw
                0x00000000200013f2                Gyro_Z_raw
                0x00000000200013f4                ACC_X_raw
                0x00000000200013f6                ACC_Y_raw
                0x00000000200013f8                ACC_Z_raw
                0x00000000200013fa                Gyro_X
                0x00000000200013fc                Gyro_Y
                0x00000000200013fe                Gyro_Z
                0x0000000020001400                ACC_X
                0x0000000020001402                ACC_Y
                0x0000000020001404                ACC_Z
                0x0000000020001406                GYRO_ACC_ENABLE
                0x0000000020001407                SPI_TxBufferPointer
 *(COMMON)
                0x0000000020001408                . = ALIGN (0x4)
                0x0000000020001408                _ebss = .
                0x0000000020001408                PROVIDE (end, _ebss)
                0x0000000020001408                PROVIDE (_end, _ebss)

._usrstack      0x0000000020001408      0x100 load address 0x0000000008005df0
                0x0000000020001408                . = ALIGN (0x4)
                0x0000000020001408                _susrstack = .
                0x0000000020001508                . = (. + _Minimum_Stack_Size)
 *fill*         0x0000000020001408      0x100 
                0x0000000020001508                . = ALIGN (0x4)
                0x0000000020001508                _eusrstack = .

.b1text
 *(.b1text)
 *(.b1rodata)
 *(.b1rodata*)

.eb0text
 *(.eb0text)
 *(.eb0rodata)
 *(.eb0rodata*)

.eb1text
 *(.eb1text)
 *(.eb1rodata)
 *(.eb1rodata*)

.eb2text
 *(.eb2text)
 *(.eb2rodata)
 *(.eb2rodata*)

.eb3text
 *(.eb3text)
 *(.eb3rodata)
 *(.eb3rodata*)
                0x0000000020001508                __exidx_start = .
                0x0000000020001508                __exidx_end = .

/DISCARD/
 libc.a(*)
 libm.a(*)
 libgcc.a(*)

.stab
 *(.stab)

.stabstr
 *(.stabstr)

.stab.excl
 *(.stab.excl)

.stab.exclstr
 *(.stab.exclstr)

.stab.index
 *(.stab.index)

.stab.indexstr
 *(.stab.indexstr)

.comment        0x0000000000000000       0x70
 *(.comment)
 .comment       0x0000000000000000       0x70 CM730_APP/src/stm32f10x_it.o
                                         0x71 (size before relaxing)
 .comment       0x0000000000000000       0x71 CM730_APP/src/main.o
 .comment       0x0000000000000000       0x71 CM730_APP/src/isr.o
 .comment       0x0000000000000000       0x71 CM730_APP/src/zigbee.o
 .comment       0x0000000000000000       0x71 CM730_APP/src/zgb_hal.o
 .comment       0x0000000000000000       0x71 CM730_APP/src/CM_DXL_COM.o
 .comment       0x0000000000000000       0x71 CM730_HW/src/button.o
 .comment       0x0000000000000000       0x71 CM730_HW/src/led.o
 .comment       0x0000000000000000       0x71 CM730_HW/src/system_init.o
 .comment       0x0000000000000000       0x71 CM730_HW/src/system_func.o
 .comment       0x0000000000000000       0x71 CM730_HW/src/adc.o
 .comment       0x0000000000000000       0x71 CM730_HW/src/usart.o
 .comment       0x0000000000000000       0x71 CM730_HW/src/sound.o
 .comment       0x0000000000000000       0x71 CM730_HW/src/gyro_acc.o
 .comment       0x0000000000000000       0x71 stm32f10x_lib/libstm32.a(stm32f10x_adc.o)
 .comment       0x0000000000000000       0x71 stm32f10x_lib/libstm32.a(stm32f10x_bkp.o)
 .comment       0x0000000000000000       0x71 stm32f10x_lib/libstm32.a(stm32f10x_flash.o)
 .comment       0x0000000000000000       0x71 stm32f10x_lib/libstm32.a(stm32f10x_gpio.o)
 .comment       0x0000000000000000       0x71 stm32f10x_lib/libstm32.a(stm32f10x_nvic.o)
 .comment       0x0000000000000000       0x71 stm32f10x_lib/libstm32.a(stm32f10x_pwr.o)
 .comment       0x0000000000000000       0x71 stm32f10x_lib/libstm32.a(stm32f10x_rcc.o)
 .comment       0x0000000000000000       0x71 stm32f10x_lib/libstm32.a(stm32f10x_spi.o)
 .comment       0x0000000000000000       0x71 stm32f10x_lib/libstm32.a(stm32f10x_systick.o)
 .comment       0x0000000000000000       0x71 stm32f10x_lib/libstm32.a(stm32f10x_tim.o)
 .comment       0x0000000000000000       0x71 stm32f10x_lib/libstm32.a(stm32f10x_usart.o)
 .comment       0x0000000000000000       0x71 stm32f10x_lib/libstm32.a(stm32f10x_vector.o)

.ARM.attributes
                0x0000000000000000       0x31
 .ARM.attributes
                0x0000000000000000       0x33 CM730_APP/src/stm32f10x_it.o
 .ARM.attributes
                0x0000000000000033       0x33 CM730_APP/src/main.o
 .ARM.attributes
                0x0000000000000066       0x33 CM730_APP/src/isr.o
 .ARM.attributes
                0x0000000000000099       0x33 CM730_APP/src/zigbee.o
 .ARM.attributes
                0x00000000000000cc       0x33 CM730_APP/src/zgb_hal.o
 .ARM.attributes
                0x00000000000000ff       0x33 CM730_APP/src/CM_DXL_COM.o
 .ARM.attributes
                0x0000000000000132       0x33 CM730_HW/src/button.o
 .ARM.attributes
                0x0000000000000165       0x33 CM730_HW/src/led.o
 .ARM.attributes
                0x0000000000000198       0x33 CM730_HW/src/system_init.o
 .ARM.attributes
                0x00000000000001cb       0x33 CM730_HW/src/system_func.o
 .ARM.attributes
                0x00000000000001fe       0x33 CM730_HW/src/adc.o
 .ARM.attributes
                0x0000000000000231       0x33 CM730_HW/src/usart.o
 .ARM.attributes
                0x0000000000000264       0x33 CM730_HW/src/sound.o
 .ARM.attributes
                0x0000000000000297       0x33 CM730_HW/src/gyro_acc.o
 .ARM.attributes
                0x00000000000002ca       0x33 stm32f10x_lib/libstm32.a(stm32f10x_adc.o)
 .ARM.attributes
                0x00000000000002fd       0x33 stm32f10x_lib/libstm32.a(stm32f10x_bkp.o)
 .ARM.attributes
                0x0000000000000330       0x33 stm32f10x_lib/libstm32.a(stm32f10x_flash.o)
 .ARM.attributes
                0x0000000000000363       0x33 stm32f10x_lib/libstm32.a(stm32f10x_gpio.o)
 .ARM.attributes
                0x0000000000000396       0x33 stm32f10x_lib/libstm32.a(stm32f10x_nvic.o)
 .ARM.attributes
                0x00000000000003c9       0x33 stm32f10x_lib/libstm32.a(stm32f10x_pwr.o)
 .ARM.attributes
                0x00000000000003fc       0x33 stm32f10x_lib/libstm32.a(stm32f10x_rcc.o)
 .ARM.attributes
                0x000000000000042f       0x33 stm32f10x_lib/libstm32.a(stm32f10x_spi.o)
 .ARM.attributes
                0x0000000000000462       0x33 stm32f10x_lib/libstm32.a(stm32f10x_systick.o)
 .ARM.attributes
                0x0000000000000495       0x33 stm32f10x_lib/libstm32.a(stm32f10x_tim.o)
 .ARM.attributes
                0x00000000000004c8       0x33 stm32f10x_lib/libstm32.a(stm32f10x_usart.o)
 .ARM.attributes
                0x00000000000004fb       0x21 stm32f10x_lib/libstm32.a(cortexm3_macro.o)
 .ARM.attributes
                0x000000000000051c       0x33 stm32f10x_lib/libstm32.a(stm32f10x_vector.o)

.debug
 *(.debug)

.line
 *(.line)

.debug_srcinfo
 *(.debug_srcinfo)

.debug_sfnames
 *(.debug_sfnames)

.debug_aranges  0x0000000000000000      0x360
 *(.debug_aranges)
 .debug_aranges
                0x0000000000000000       0x20 CM730_APP/src/stm32f10x_it.o
 .debug_aranges
                0x0000000000000020       0x20 CM730_APP/src/main.o
 .debug_aranges
                0x0000000000000040       0x20 CM730_APP/src/isr.o
 .debug_aranges
                0x0000000000000060       0x20 CM730_APP/src/zigbee.o
 .debug_aranges
                0x0000000000000080       0x20 CM730_APP/src/zgb_hal.o
 .debug_aranges
                0x00000000000000a0       0x20 CM730_APP/src/CM_DXL_COM.o
 .debug_aranges
                0x00000000000000c0       0x20 CM730_HW/src/button.o
 .debug_aranges
                0x00000000000000e0       0x20 CM730_HW/src/led.o
 .debug_aranges
                0x0000000000000100       0x20 CM730_HW/src/system_init.o
 .debug_aranges
                0x0000000000000120       0x20 CM730_HW/src/system_func.o
 .debug_aranges
                0x0000000000000140       0x20 CM730_HW/src/adc.o
 .debug_aranges
                0x0000000000000160       0x20 CM730_HW/src/usart.o
 .debug_aranges
                0x0000000000000180       0x20 CM730_HW/src/sound.o
 .debug_aranges
                0x00000000000001a0       0x20 CM730_HW/src/gyro_acc.o
 .debug_aranges
                0x00000000000001c0       0x20 stm32f10x_lib/libstm32.a(stm32f10x_adc.o)
 .debug_aranges
                0x00000000000001e0       0x20 stm32f10x_lib/libstm32.a(stm32f10x_bkp.o)
 .debug_aranges
                0x0000000000000200       0x20 stm32f10x_lib/libstm32.a(stm32f10x_flash.o)
 .debug_aranges
                0x0000000000000220       0x20 stm32f10x_lib/libstm32.a(stm32f10x_gpio.o)
 .debug_aranges
                0x0000000000000240       0x20 stm32f10x_lib/libstm32.a(stm32f10x_nvic.o)
 .debug_aranges
                0x0000000000000260       0x20 stm32f10x_lib/libstm32.a(stm32f10x_pwr.o)
 .debug_aranges
                0x0000000000000280       0x20 stm32f10x_lib/libstm32.a(stm32f10x_rcc.o)
 .debug_aranges
                0x00000000000002a0       0x20 stm32f10x_lib/libstm32.a(stm32f10x_spi.o)
 .debug_aranges
                0x00000000000002c0       0x20 stm32f10x_lib/libstm32.a(stm32f10x_systick.o)
 .debug_aranges
                0x00000000000002e0       0x20 stm32f10x_lib/libstm32.a(stm32f10x_tim.o)
 .debug_aranges
                0x0000000000000300       0x20 stm32f10x_lib/libstm32.a(stm32f10x_usart.o)
 .debug_aranges
                0x0000000000000320       0x20 stm32f10x_lib/libstm32.a(cortexm3_macro.o)
 .debug_aranges
                0x0000000000000340       0x20 stm32f10x_lib/libstm32.a(stm32f10x_vector.o)

.debug_pubnames
 *(.debug_pubnames)

.debug_info     0x0000000000000000     0xd968
 *(.debug_info .gnu.linkonce.wi.*)
 .debug_info    0x0000000000000000      0xa36 CM730_APP/src/stm32f10x_it.o
 .debug_info    0x0000000000000a36      0x267 CM730_APP/src/main.o
 .debug_info    0x0000000000000c9d      0x33f CM730_APP/src/isr.o
 .debug_info    0x0000000000000fdc      0x5fd CM730_APP/src/zigbee.o
 .debug_info    0x00000000000015d9      0x1fa CM730_APP/src/zgb_hal.o
 .debug_info    0x00000000000017d3      0xc87 CM730_APP/src/CM_DXL_COM.o
 .debug_info    0x000000000000245a      0x18e CM730_HW/src/button.o
 .debug_info    0x00000000000025e8      0x349 CM730_HW/src/led.o
 .debug_info    0x0000000000002931     0x1a3d CM730_HW/src/system_init.o
 .debug_info    0x000000000000436e      0x66f CM730_HW/src/system_func.o
 .debug_info    0x00000000000049dd      0x348 CM730_HW/src/adc.o
 .debug_info    0x0000000000004d25      0x82b CM730_HW/src/usart.o
 .debug_info    0x0000000000005550      0x9e8 CM730_HW/src/sound.o
 .debug_info    0x0000000000005f38      0xcbf CM730_HW/src/gyro_acc.o
 .debug_info    0x0000000000006bf7      0xb5a stm32f10x_lib/libstm32.a(stm32f10x_adc.o)
 .debug_info    0x0000000000007751      0x708 stm32f10x_lib/libstm32.a(stm32f10x_bkp.o)
 .debug_info    0x0000000000007e59      0x8bb stm32f10x_lib/libstm32.a(stm32f10x_flash.o)
 .debug_info    0x0000000000008714      0x747 stm32f10x_lib/libstm32.a(stm32f10x_gpio.o)
 .debug_info    0x0000000000008e5b      0x968 stm32f10x_lib/libstm32.a(stm32f10x_nvic.o)
 .debug_info    0x00000000000097c3      0x2c6 stm32f10x_lib/libstm32.a(stm32f10x_pwr.o)
 .debug_info    0x0000000000009a89      0x871 stm32f10x_lib/libstm32.a(stm32f10x_rcc.o)
 .debug_info    0x000000000000a2fa      0x959 stm32f10x_lib/libstm32.a(stm32f10x_spi.o)
 .debug_info    0x000000000000ac53      0x20b stm32f10x_lib/libstm32.a(stm32f10x_systick.o)
 .debug_info    0x000000000000ae5e     0x1f42 stm32f10x_lib/libstm32.a(stm32f10x_tim.o)
 .debug_info    0x000000000000cda0      0xa2c stm32f10x_lib/libstm32.a(stm32f10x_usart.o)
 .debug_info    0x000000000000d7cc       0x89 stm32f10x_lib/libstm32.a(cortexm3_macro.o)
 .debug_info    0x000000000000d855      0x113 stm32f10x_lib/libstm32.a(stm32f10x_vector.o)

.debug_abbrev   0x0000000000000000     0x2f5e
 *(.debug_abbrev)
 .debug_abbrev  0x0000000000000000      0x21a CM730_APP/src/stm32f10x_it.o
 .debug_abbrev  0x000000000000021a      0x12e CM730_APP/src/main.o
 .debug_abbrev  0x0000000000000348      0x13e CM730_APP/src/isr.o
 .debug_abbrev  0x0000000000000486      0x279 CM730_APP/src/zigbee.o
 .debug_abbrev  0x00000000000006ff       0xf8 CM730_APP/src/zgb_hal.o
 .debug_abbrev  0x00000000000007f7      0x225 CM730_APP/src/CM_DXL_COM.o
 .debug_abbrev  0x0000000000000a1c      0x10b CM730_HW/src/button.o
 .debug_abbrev  0x0000000000000b27      0x18c CM730_HW/src/led.o
 .debug_abbrev  0x0000000000000cb3      0x285 CM730_HW/src/system_init.o
 .debug_abbrev  0x0000000000000f38      0x2aa CM730_HW/src/system_func.o
 .debug_abbrev  0x00000000000011e2      0x188 CM730_HW/src/adc.o
 .debug_abbrev  0x000000000000136a      0x1f6 CM730_HW/src/usart.o
 .debug_abbrev  0x0000000000001560      0x1e5 CM730_HW/src/sound.o
 .debug_abbrev  0x0000000000001745      0x211 CM730_HW/src/gyro_acc.o
 .debug_abbrev  0x0000000000001956      0x196 stm32f10x_lib/libstm32.a(stm32f10x_adc.o)
 .debug_abbrev  0x0000000000001aec      0x188 stm32f10x_lib/libstm32.a(stm32f10x_bkp.o)
 .debug_abbrev  0x0000000000001c74      0x24e stm32f10x_lib/libstm32.a(stm32f10x_flash.o)
 .debug_abbrev  0x0000000000001ec2      0x1e8 stm32f10x_lib/libstm32.a(stm32f10x_gpio.o)
 .debug_abbrev  0x00000000000020aa      0x26d stm32f10x_lib/libstm32.a(stm32f10x_nvic.o)
 .debug_abbrev  0x0000000000002317      0x174 stm32f10x_lib/libstm32.a(stm32f10x_pwr.o)
 .debug_abbrev  0x000000000000248b      0x227 stm32f10x_lib/libstm32.a(stm32f10x_rcc.o)
 .debug_abbrev  0x00000000000026b2      0x1ed stm32f10x_lib/libstm32.a(stm32f10x_spi.o)
 .debug_abbrev  0x000000000000289f      0x128 stm32f10x_lib/libstm32.a(stm32f10x_systick.o)
 .debug_abbrev  0x00000000000029c7      0x2be stm32f10x_lib/libstm32.a(stm32f10x_tim.o)
 .debug_abbrev  0x0000000000002c85      0x1ed stm32f10x_lib/libstm32.a(stm32f10x_usart.o)
 .debug_abbrev  0x0000000000002e72       0x14 stm32f10x_lib/libstm32.a(cortexm3_macro.o)
 .debug_abbrev  0x0000000000002e86       0xd8 stm32f10x_lib/libstm32.a(stm32f10x_vector.o)

.debug_line     0x0000000000000000     0x2aed
 *(.debug_line)
 .debug_line    0x0000000000000000      0x200 CM730_APP/src/stm32f10x_it.o
 .debug_line    0x0000000000000200      0x120 CM730_APP/src/main.o
 .debug_line    0x0000000000000320       0xe5 CM730_APP/src/isr.o
 .debug_line    0x0000000000000405      0x166 CM730_APP/src/zigbee.o
 .debug_line    0x000000000000056b       0xbb CM730_APP/src/zgb_hal.o
 .debug_line    0x0000000000000626      0x3e4 CM730_APP/src/CM_DXL_COM.o
 .debug_line    0x0000000000000a0a       0x99 CM730_HW/src/button.o
 .debug_line    0x0000000000000aa3      0x126 CM730_HW/src/led.o
 .debug_line    0x0000000000000bc9      0x315 CM730_HW/src/system_init.o
 .debug_line    0x0000000000000ede      0x1b2 CM730_HW/src/system_func.o
 .debug_line    0x0000000000001090       0xde CM730_HW/src/adc.o
 .debug_line    0x000000000000116e      0x13b CM730_HW/src/usart.o
 .debug_line    0x00000000000012a9      0x115 CM730_HW/src/sound.o
 .debug_line    0x00000000000013be      0x228 CM730_HW/src/gyro_acc.o
 .debug_line    0x00000000000015e6      0x210 stm32f10x_lib/libstm32.a(stm32f10x_adc.o)
 .debug_line    0x00000000000017f6       0xd6 stm32f10x_lib/libstm32.a(stm32f10x_bkp.o)
 .debug_line    0x00000000000018cc      0x20a stm32f10x_lib/libstm32.a(stm32f10x_flash.o)
 .debug_line    0x0000000000001ad6      0x182 stm32f10x_lib/libstm32.a(stm32f10x_gpio.o)
 .debug_line    0x0000000000001c58      0x1d2 stm32f10x_lib/libstm32.a(stm32f10x_nvic.o)
 .debug_line    0x0000000000001e2a       0xeb stm32f10x_lib/libstm32.a(stm32f10x_pwr.o)
 .debug_line    0x0000000000001f15      0x1a0 stm32f10x_lib/libstm32.a(stm32f10x_rcc.o)
 .debug_line    0x00000000000020b5      0x1c7 stm32f10x_lib/libstm32.a(stm32f10x_spi.o)
 .debug_line    0x000000000000227c       0xb5 stm32f10x_lib/libstm32.a(stm32f10x_systick.o)
 .debug_line    0x0000000000002331      0x4db stm32f10x_lib/libstm32.a(stm32f10x_tim.o)
 .debug_line    0x000000000000280c      0x1da stm32f10x_lib/libstm32.a(stm32f10x_usart.o)
 .debug_line    0x00000000000029e6       0xa4 stm32f10x_lib/libstm32.a(cortexm3_macro.o)
 .debug_line    0x0000000000002a8a       0x63 stm32f10x_lib/libstm32.a(stm32f10x_vector.o)

.debug_frame    0x0000000000000000     0x2438
 *(.debug_frame)
 .debug_frame   0x0000000000000000      0x46c CM730_APP/src/stm32f10x_it.o
 .debug_frame   0x000000000000046c       0x28 CM730_APP/src/main.o
 .debug_frame   0x0000000000000494       0xd0 CM730_APP/src/isr.o
 .debug_frame   0x0000000000000564       0xa8 CM730_APP/src/zigbee.o
 .debug_frame   0x000000000000060c       0x70 CM730_APP/src/zgb_hal.o
 .debug_frame   0x000000000000067c       0xc0 CM730_APP/src/CM_DXL_COM.o
 .debug_frame   0x000000000000073c       0x28 CM730_HW/src/button.o
 .debug_frame   0x0000000000000764       0x80 CM730_HW/src/led.o
 .debug_frame   0x00000000000007e4      0x160 CM730_HW/src/system_init.o
 .debug_frame   0x0000000000000944       0xf0 CM730_HW/src/system_func.o
 .debug_frame   0x0000000000000a34       0x48 CM730_HW/src/adc.o
 .debug_frame   0x0000000000000a7c       0xf0 CM730_HW/src/usart.o
 .debug_frame   0x0000000000000b6c       0xf0 CM730_HW/src/sound.o
 .debug_frame   0x0000000000000c5c      0x15c CM730_HW/src/gyro_acc.o
 .debug_frame   0x0000000000000db8      0x280 stm32f10x_lib/libstm32.a(stm32f10x_adc.o)
 .debug_frame   0x0000000000001038       0xdc stm32f10x_lib/libstm32.a(stm32f10x_bkp.o)
 .debug_frame   0x0000000000001114      0x1f0 stm32f10x_lib/libstm32.a(stm32f10x_flash.o)
 .debug_frame   0x0000000000001304      0x160 stm32f10x_lib/libstm32.a(stm32f10x_gpio.o)
 .debug_frame   0x0000000000001464      0x204 stm32f10x_lib/libstm32.a(stm32f10x_nvic.o)
 .debug_frame   0x0000000000001668       0xac stm32f10x_lib/libstm32.a(stm32f10x_pwr.o)
 .debug_frame   0x0000000000001714      0x220 stm32f10x_lib/libstm32.a(stm32f10x_rcc.o)
 .debug_frame   0x0000000000001934      0x1bc stm32f10x_lib/libstm32.a(stm32f10x_spi.o)
 .debug_frame   0x0000000000001af0       0x70 stm32f10x_lib/libstm32.a(stm32f10x_systick.o)
 .debug_frame   0x0000000000001b60      0x6a8 stm32f10x_lib/libstm32.a(stm32f10x_tim.o)
 .debug_frame   0x0000000000002208      0x200 stm32f10x_lib/libstm32.a(stm32f10x_usart.o)
 .debug_frame   0x0000000000002408       0x30 stm32f10x_lib/libstm32.a(stm32f10x_vector.o)

.debug_str      0x0000000000000000     0x439d
 *(.debug_str)
 .debug_str     0x0000000000000000      0x841 CM730_APP/src/stm32f10x_it.o
                                        0x898 (size before relaxing)
 .debug_str     0x0000000000000841       0xaf CM730_APP/src/main.o
                                        0x1e4 (size before relaxing)
 .debug_str     0x00000000000008f0      0x109 CM730_APP/src/isr.o
                                        0x2b4 (size before relaxing)
 .debug_str     0x00000000000009f9      0x16c CM730_APP/src/zigbee.o
                                        0x2ac (size before relaxing)
 .debug_str     0x0000000000000b65       0x47 CM730_APP/src/zgb_hal.o
                                        0x1ac (size before relaxing)
 .debug_str     0x0000000000000bac      0x4c2 CM730_APP/src/CM_DXL_COM.o
                                        0x76f (size before relaxing)
 .debug_str     0x000000000000106e       0x33 CM730_HW/src/button.o
                                        0x16d (size before relaxing)
 .debug_str     0x00000000000010a1       0x54 CM730_HW/src/led.o
                                        0x1ce (size before relaxing)
 .debug_str     0x00000000000010f5      0x9ac CM730_HW/src/system_init.o
                                        0xcae (size before relaxing)
 .debug_str     0x0000000000001aa1      0x14f CM730_HW/src/system_func.o
                                        0x322 (size before relaxing)
 .debug_str     0x0000000000001bf0       0x5b CM730_HW/src/adc.o
                                        0x20b (size before relaxing)
 .debug_str     0x0000000000001c4b       0xb0 CM730_HW/src/usart.o
                                        0x45c (size before relaxing)
 .debug_str     0x0000000000001cfb      0x2d9 CM730_HW/src/sound.o
                                        0x57b (size before relaxing)
 .debug_str     0x0000000000001fd4      0x197 CM730_HW/src/gyro_acc.o
                                        0x3f3 (size before relaxing)
 .debug_str     0x000000000000216b      0x399 stm32f10x_lib/libstm32.a(stm32f10x_adc.o)
                                        0x6ab (size before relaxing)
 .debug_str     0x0000000000002504      0x306 stm32f10x_lib/libstm32.a(stm32f10x_bkp.o)
                                        0x566 (size before relaxing)
 .debug_str     0x000000000000280a      0x2d0 stm32f10x_lib/libstm32.a(stm32f10x_flash.o)
                                        0x50e (size before relaxing)
 .debug_str     0x0000000000002ada      0x17b stm32f10x_lib/libstm32.a(stm32f10x_gpio.o)
                                        0x483 (size before relaxing)
 .debug_str     0x0000000000002c55      0x45e stm32f10x_lib/libstm32.a(stm32f10x_nvic.o)
                                        0x6dd (size before relaxing)
 .debug_str     0x00000000000030b3      0x104 stm32f10x_lib/libstm32.a(stm32f10x_pwr.o)
                                        0x274 (size before relaxing)
 .debug_str     0x00000000000031b7      0x2e9 stm32f10x_lib/libstm32.a(stm32f10x_rcc.o)
                                        0x5b3 (size before relaxing)
 .debug_str     0x00000000000034a0      0x241 stm32f10x_lib/libstm32.a(stm32f10x_spi.o)
                                        0x5d7 (size before relaxing)
 .debug_str     0x00000000000036e1       0xb6 stm32f10x_lib/libstm32.a(stm32f10x_systick.o)
                                        0x258 (size before relaxing)
 .debug_str     0x0000000000003797      0x8c0 stm32f10x_lib/libstm32.a(stm32f10x_tim.o)
                                        0xda4 (size before relaxing)
 .debug_str     0x0000000000004057      0x2cd stm32f10x_lib/libstm32.a(stm32f10x_usart.o)
                                        0x64e (size before relaxing)
 .debug_str     0x0000000000004324       0x79 stm32f10x_lib/libstm32.a(stm32f10x_vector.o)
                                        0x18b (size before relaxing)

.debug_loc      0x0000000000000000     0x5fb2
 *(.debug_loc)
 .debug_loc     0x0000000000000000       0x47 CM730_APP/src/main.o
 .debug_loc     0x0000000000000047      0x189 CM730_APP/src/zigbee.o
 .debug_loc     0x00000000000001d0      0x141 CM730_APP/src/zgb_hal.o
 .debug_loc     0x0000000000000311      0x4a5 CM730_APP/src/CM_DXL_COM.o
 .debug_loc     0x00000000000007b6       0x35 CM730_HW/src/button.o
 .debug_loc     0x00000000000007eb      0x112 CM730_HW/src/led.o
 .debug_loc     0x00000000000008fd       0xbe CM730_HW/src/system_init.o
 .debug_loc     0x00000000000009bb      0x1e4 CM730_HW/src/system_func.o
 .debug_loc     0x0000000000000b9f       0x40 CM730_HW/src/adc.o
 .debug_loc     0x0000000000000bdf      0x13a CM730_HW/src/usart.o
 .debug_loc     0x0000000000000d19       0x7e CM730_HW/src/sound.o
 .debug_loc     0x0000000000000d97       0xe0 CM730_HW/src/gyro_acc.o
 .debug_loc     0x0000000000000e77      0xb1b stm32f10x_lib/libstm32.a(stm32f10x_adc.o)
 .debug_loc     0x0000000000001992       0xee stm32f10x_lib/libstm32.a(stm32f10x_bkp.o)
 .debug_loc     0x0000000000001a80      0x6ad stm32f10x_lib/libstm32.a(stm32f10x_flash.o)
 .debug_loc     0x000000000000212d      0x527 stm32f10x_lib/libstm32.a(stm32f10x_gpio.o)
 .debug_loc     0x0000000000002654      0x91a stm32f10x_lib/libstm32.a(stm32f10x_nvic.o)
 .debug_loc     0x0000000000002f6e      0x156 stm32f10x_lib/libstm32.a(stm32f10x_pwr.o)
 .debug_loc     0x00000000000030c4      0x69d stm32f10x_lib/libstm32.a(stm32f10x_rcc.o)
 .debug_loc     0x0000000000003761      0x569 stm32f10x_lib/libstm32.a(stm32f10x_spi.o)
 .debug_loc     0x0000000000003cca       0xe7 stm32f10x_lib/libstm32.a(stm32f10x_systick.o)
 .debug_loc     0x0000000000003db1     0x1962 stm32f10x_lib/libstm32.a(stm32f10x_tim.o)
 .debug_loc     0x0000000000005713      0x85c stm32f10x_lib/libstm32.a(stm32f10x_usart.o)
 .debug_loc     0x0000000000005f6f       0x43 stm32f10x_lib/libstm32.a(stm32f10x_vector.o)

.debug_macinfo
 *(.debug_macinfo)

.debug_weaknames
 *(.debug_weaknames)

.debug_funcnames
 *(.debug_funcnames)

.debug_typenames
 *(.debug_typenames)

.debug_varnames
 *(.debug_varnames)
OUTPUT(CM730.elf elf32-littlearm)

.debug_ranges   0x0000000000000000       0xa8
 .debug_ranges  0x0000000000000000       0x10 CM730_APP/src/main.o
 .debug_ranges  0x0000000000000010       0x18 CM730_APP/src/isr.o
 .debug_ranges  0x0000000000000028       0x18 CM730_APP/src/zigbee.o
 .debug_ranges  0x0000000000000040       0x30 CM730_APP/src/CM_DXL_COM.o
 .debug_ranges  0x0000000000000070       0x38 stm32f10x_lib/libstm32.a(stm32f10x_tim.o)

Cross Reference Table

Symbol                                            File
ACC_Configuration                                 CM730_HW/src/gyro_acc.o
                                                  CM730_HW/src/system_init.o
ACC_X                                             CM730_HW/src/gyro_acc.o
ACC_X_raw                                         CM730_HW/src/gyro_acc.o
ACC_Y                                             CM730_HW/src/gyro_acc.o
ACC_Y_raw                                         CM730_HW/src/gyro_acc.o
ACC_Z                                             CM730_HW/src/gyro_acc.o
ACC_Z_raw                                         CM730_HW/src/gyro_acc.o
ADC1_2_IRQHandler                                 CM730_APP/src/stm32f10x_it.o
                                                  stm32f10x_lib/libstm32.a(stm32f10x_vector.o)
ADC3_IRQHandler                                   CM730_APP/src/stm32f10x_it.o
                                                  stm32f10x_lib/libstm32.a(stm32f10x_vector.o)
ADC_AnalogWatchdogCmd                             stm32f10x_lib/libstm32.a(stm32f10x_adc.o)
ADC_AnalogWatchdogSingleChannelConfig             stm32f10x_lib/libstm32.a(stm32f10x_adc.o)
ADC_AnalogWatchdogThresholdsConfig                stm32f10x_lib/libstm32.a(stm32f10x_adc.o)
ADC_AutoInjectedConvCmd                           stm32f10x_lib/libstm32.a(stm32f10x_adc.o)
ADC_Channel                                       CM730_HW/src/adc.o
ADC_Channel_Index                                 CM730_HW/src/adc.o
ADC_ClearFlag                                     stm32f10x_lib/libstm32.a(stm32f10x_adc.o)
ADC_ClearITPendingBit                             stm32f10x_lib/libstm32.a(stm32f10x_adc.o)
ADC_Cmd                                           stm32f10x_lib/libstm32.a(stm32f10x_adc.o)
                                                  CM730_HW/src/system_init.o
ADC_Configuration                                 CM730_HW/src/system_init.o
ADC_DMACmd                                        stm32f10x_lib/libstm32.a(stm32f10x_adc.o)
ADC_DeInit                                        stm32f10x_lib/libstm32.a(stm32f10x_adc.o)
ADC_DiscModeChannelCountConfig                    stm32f10x_lib/libstm32.a(stm32f10x_adc.o)
ADC_DiscModeCmd                                   stm32f10x_lib/libstm32.a(stm32f10x_adc.o)
ADC_ExternalTrigConvCmd                           stm32f10x_lib/libstm32.a(stm32f10x_adc.o)
ADC_ExternalTrigInjectedConvCmd                   stm32f10x_lib/libstm32.a(stm32f10x_adc.o)
ADC_ExternalTrigInjectedConvConfig                stm32f10x_lib/libstm32.a(stm32f10x_adc.o)
ADC_GetCalibrationStatus                          stm32f10x_lib/libstm32.a(stm32f10x_adc.o)
                                                  CM730_HW/src/system_init.o
ADC_GetConversionValue                            stm32f10x_lib/libstm32.a(stm32f10x_adc.o)
                                                  CM730_HW/src/adc.o
ADC_GetDualModeConversionValue                    stm32f10x_lib/libstm32.a(stm32f10x_adc.o)
ADC_GetFlagStatus                                 stm32f10x_lib/libstm32.a(stm32f10x_adc.o)
ADC_GetITStatus                                   stm32f10x_lib/libstm32.a(stm32f10x_adc.o)
ADC_GetInjectedConversionValue                    stm32f10x_lib/libstm32.a(stm32f10x_adc.o)
ADC_GetResetCalibrationStatus                     stm32f10x_lib/libstm32.a(stm32f10x_adc.o)
                                                  CM730_HW/src/system_init.o
ADC_GetSoftwareStartConvStatus                    stm32f10x_lib/libstm32.a(stm32f10x_adc.o)
ADC_GetSoftwareStartInjectedConvCmdStatus         stm32f10x_lib/libstm32.a(stm32f10x_adc.o)
ADC_ITConfig                                      stm32f10x_lib/libstm32.a(stm32f10x_adc.o)
                                                  CM730_HW/src/system_init.o
ADC_Init                                          stm32f10x_lib/libstm32.a(stm32f10x_adc.o)
                                                  CM730_HW/src/system_init.o
ADC_InjectedChannelConfig                         stm32f10x_lib/libstm32.a(stm32f10x_adc.o)
ADC_InjectedDiscModeCmd                           stm32f10x_lib/libstm32.a(stm32f10x_adc.o)
ADC_InjectedSequencerLengthConfig                 stm32f10x_lib/libstm32.a(stm32f10x_adc.o)
ADC_RegularChannelConfig                          stm32f10x_lib/libstm32.a(stm32f10x_adc.o)
                                                  CM730_HW/src/adc.o
                                                  CM730_HW/src/system_init.o
ADC_ResetCalibration                              stm32f10x_lib/libstm32.a(stm32f10x_adc.o)
                                                  CM730_HW/src/system_init.o
ADC_SetInjectedOffset                             stm32f10x_lib/libstm32.a(stm32f10x_adc.o)
ADC_SoftwareStartConvCmd                          stm32f10x_lib/libstm32.a(stm32f10x_adc.o)
                                                  CM730_HW/src/system_init.o
ADC_SoftwareStartInjectedConvCmd                  stm32f10x_lib/libstm32.a(stm32f10x_adc.o)
ADC_StartCalibration                              stm32f10x_lib/libstm32.a(stm32f10x_adc.o)
                                                  CM730_HW/src/system_init.o
ADC_StructInit                                    stm32f10x_lib/libstm32.a(stm32f10x_adc.o)
                                                  CM730_HW/src/system_init.o
ADC_TempSensorVrefintCmd                          stm32f10x_lib/libstm32.a(stm32f10x_adc.o)
ADC_Value                                         CM730_HW/src/adc.o
BKP_ClearFlag                                     stm32f10x_lib/libstm32.a(stm32f10x_bkp.o)
BKP_ClearITPendingBit                             stm32f10x_lib/libstm32.a(stm32f10x_bkp.o)
BKP_DeInit                                        stm32f10x_lib/libstm32.a(stm32f10x_bkp.o)
BKP_GetFlagStatus                                 stm32f10x_lib/libstm32.a(stm32f10x_bkp.o)
BKP_GetITStatus                                   stm32f10x_lib/libstm32.a(stm32f10x_bkp.o)
BKP_ITConfig                                      stm32f10x_lib/libstm32.a(stm32f10x_bkp.o)
BKP_RTCOutputConfig                               stm32f10x_lib/libstm32.a(stm32f10x_bkp.o)
BKP_ReadBackupRegister                            stm32f10x_lib/libstm32.a(stm32f10x_bkp.o)
BKP_SetRTCCalibrationValue                        stm32f10x_lib/libstm32.a(stm32f10x_bkp.o)
BKP_TamperPinCmd                                  stm32f10x_lib/libstm32.a(stm32f10x_bkp.o)
BKP_TamperPinLevelConfig                          stm32f10x_lib/libstm32.a(stm32f10x_bkp.o)
BKP_WriteBackupRegister                           stm32f10x_lib/libstm32.a(stm32f10x_bkp.o)
                                                  CM730_APP/src/CM_DXL_COM.o
Baudrate_DXL                                      CM730_HW/src/system_init.o
Baudrate_PC                                       CM730_HW/src/system_init.o
Baudrate_ZIGBEE                                   CM730_HW/src/system_init.o
BufferClear                                       CM730_HW/src/usart.o
                                                  CM730_APP/src/zigbee.o
                                                  CM730_APP/src/main.o
BusFaultException                                 CM730_APP/src/stm32f10x_it.o
                                                  stm32f10x_lib/libstm32.a(stm32f10x_vector.o)
Buzzer_Configuration                              CM730_HW/src/system_init.o
CAN_RX1_IRQHandler                                CM730_APP/src/stm32f10x_it.o
                                                  stm32f10x_lib/libstm32.a(stm32f10x_vector.o)
CAN_SCE_IRQHandler                                CM730_APP/src/stm32f10x_it.o
                                                  stm32f10x_lib/libstm32.a(stm32f10x_vector.o)
CCR1_Val                                          CM730_HW/src/system_init.o
CCR2_Val                                          CM730_HW/src/system_init.o
CCR3_Val                                          CM730_HW/src/system_init.o
CCR4_Val                                          CM730_HW/src/system_init.o
                                                  CM730_APP/src/stm32f10x_it.o
Clear_SPI_Data                                    CM730_HW/src/gyro_acc.o
Counter                                           CM730_APP/src/stm32f10x_it.o
CovertData                                        CM730_HW/src/gyro_acc.o
DMA1_Channel1_IRQHandler                          CM730_APP/src/stm32f10x_it.o
DMA1_Channel2_IRQHandler                          CM730_APP/src/stm32f10x_it.o
DMA1_Channel3_IRQHandler                          CM730_APP/src/stm32f10x_it.o
DMA1_Channel4_IRQHandler                          CM730_APP/src/stm32f10x_it.o
DMA1_Channel5_IRQHandler                          CM730_APP/src/stm32f10x_it.o
DMA1_Channel6_IRQHandler                          CM730_APP/src/stm32f10x_it.o
DMA1_Channel7_IRQHandler                          CM730_APP/src/stm32f10x_it.o
DMA2_Channel1_IRQHandler                          CM730_APP/src/stm32f10x_it.o
                                                  stm32f10x_lib/libstm32.a(stm32f10x_vector.o)
DMA2_Channel2_IRQHandler                          CM730_APP/src/stm32f10x_it.o
                                                  stm32f10x_lib/libstm32.a(stm32f10x_vector.o)
DMA2_Channel3_IRQHandler                          CM730_APP/src/stm32f10x_it.o
                                                  stm32f10x_lib/libstm32.a(stm32f10x_vector.o)
DMA2_Channel4_5_IRQHandler                        CM730_APP/src/stm32f10x_it.o
                                                  stm32f10x_lib/libstm32.a(stm32f10x_vector.o)
DebugMonitor                                      CM730_APP/src/stm32f10x_it.o
                                                  stm32f10x_lib/libstm32.a(stm32f10x_vector.o)
DoremiTable                                       CM730_HW/src/sound.o
Doremi_Index                                      CM730_HW/src/sound.o
Doremi_Play                                       CM730_HW/src/sound.o
Doremi_TimCount                                   CM730_HW/src/sound.o
Dummy                                             CM730_HW/src/system_func.o
EEPROM_Clear                                      CM730_HW/src/system_func.o
EEPROM_Read                                       CM730_HW/src/system_func.o
EEPROM_Write                                      CM730_HW/src/system_func.o
EXTI0_IRQHandler                                  CM730_APP/src/stm32f10x_it.o
                                                  stm32f10x_lib/libstm32.a(stm32f10x_vector.o)
EXTI15_10_IRQHandler                              CM730_APP/src/stm32f10x_it.o
                                                  stm32f10x_lib/libstm32.a(stm32f10x_vector.o)
EXTI1_IRQHandler                                  CM730_APP/src/stm32f10x_it.o
                                                  stm32f10x_lib/libstm32.a(stm32f10x_vector.o)
EXTI2_IRQHandler                                  CM730_APP/src/stm32f10x_it.o
                                                  stm32f10x_lib/libstm32.a(stm32f10x_vector.o)
EXTI3_IRQHandler                                  CM730_APP/src/stm32f10x_it.o
                                                  stm32f10x_lib/libstm32.a(stm32f10x_vector.o)
EXTI4_IRQHandler                                  CM730_APP/src/stm32f10x_it.o
                                                  stm32f10x_lib/libstm32.a(stm32f10x_vector.o)
EXTI9_5_IRQHandler                                CM730_APP/src/stm32f10x_it.o
                                                  stm32f10x_lib/libstm32.a(stm32f10x_vector.o)
FLASH_ClearFlag                                   stm32f10x_lib/libstm32.a(stm32f10x_flash.o)
                                                  CM730_HW/src/system_func.o
FLASH_EnableWriteProtection                       stm32f10x_lib/libstm32.a(stm32f10x_flash.o)
FLASH_EraseAllPages                               stm32f10x_lib/libstm32.a(stm32f10x_flash.o)
FLASH_EraseOptionBytes                            stm32f10x_lib/libstm32.a(stm32f10x_flash.o)
FLASH_ErasePage                                   stm32f10x_lib/libstm32.a(stm32f10x_flash.o)